1) В network не работает кнопка remove у connection
2) При удалении аккаунта закрывает модалка, даже если не правильно ввел пароль